[    1075ms] [VERBOSE] [DOM] Password field is not contained in a form: (More info: https://goo.gl/9p2vKq) %o @ https://accounts.google.com/v3/signin/identifier?continue=https%3A%2F%2Fwww.youtube.com%2Fsignin%3Faction_handle_signin%3Dtrue%26app%3Ddesktop%26hl%3Den%26next%3Dhttps%253A%252F%252Fstudio.youtube.com%252F%26feature%3Dredirect_login&dsh=S-603422739%3A1776349889029583&hl=en&passive=true&service=youtube&uilel=3&flowName=GlifWebSignIn&flowEntry=ServiceLogin&ifkv=AT1y2_X7RWcOFBvk8-tmA4Dki69DhES7zC8rdgEBOKL-7FQ0UKSWClujFNY-CDCm2DILHYs-wtIX:0
[    1086ms] [LOG] %c%s color: red; background: yellow; font-size: 24px; WARNING! @ https://www.gstatic.com/_/mss/boq-identity/_/js/k=boq-identity.AccountsSignInUi.en.x3DljreikNs.es5.O/am=Kf8GAABCEUgGwP___zcAIACCaOB6FoAmEBkAAAAAAAAAALRAAAAaAQ/d=1/excm=_b,_tp,identifierview/ed=1/dg=0/wt=2/ujg=1/rs=AOaEmlGohmL019dLf1XMmE55t_vcOriygw/dti=1/m=_b,_tp:468
[    1086ms] [LOG] %c%s font-size: 18px; Using this console may allow attackers to impersonate you and steal your information using an attack called Self-XSS.
Do not enter or paste code that you do not understand. @ https://www.gstatic.com/_/mss/boq-identity/_/js/k=boq-identity.AccountsSignInUi.en.x3DljreikNs.es5.O/am=Kf8GAABCEUgGwP___zcAIACCaOB6FoAmEBkAAAAAAAAAALRAAAAaAQ/d=1/excm=_b,_tp,identifierview/ed=1/dg=0/wt=2/ujg=1/rs=AOaEmlGohmL019dLf1XMmE55t_vcOriygw/dti=1/m=_b,_tp:468
[   14059ms] [VERBOSE] [DOM] Password field is not contained in a form: (More info: https://goo.gl/9p2vKq) %o @ https://accounts.google.com/v3/signin/challenge/pwd?TL=AIgtPP2j5sZoBOz1L5NkcfrH0KiWAVhfNoq5Fj08d6_Rl5u-OZXrtFADzbIcKjat&checkConnection=youtube%3A153&checkedDomains=youtube&cid=2&continue=https%3A%2F%2Fwww.youtube.com%2Fsignin%3Faction_handle_signin%3Dtrue%26app%3Ddesktop%26hl%3Den%26next%3Dhttps%253A%252F%252Fstudio.youtube.com%252F%26feature%3Dredirect_login&dsh=S-603422739%3A1776349889029583&flowEntry=ServiceLogin&flowName=GlifWebSignIn&hl=en&ifkv=AT1y2_X7RWcOFBvk8-tmA4Dki69DhES7zC8rdgEBOKL-7FQ0UKSWClujFNY-CDCm2DILHYs-wtIX&pstMsg=1&service=youtube:0
[   31965ms] [INFO] LegacyDataMixin will be applied to all legacy elements.
Set `_legacyUndefinedCheck: true` on element class to enable. @ https://www.youtube.com/s/_/ytmainappweb/_/js/k=ytmainappweb.kevlar_base.en_US.IFuzsR39iKY.es5.O/am=AAAAIAAAIAE/d=1/br=1/rs=AGKMywGLVScivNR8Ty8SRjRlZQoVhN5Gug/m=kevlar_base_module,kevlar_main_module:9910
[   33867ms] [INFO] Banner not shown: beforeinstallpromptevent.preventDefault() called. The page must call beforeinstallpromptevent.prompt() to show the banner. @ https://www.youtube.com/signin_prompt?app=desktop&next=https%3A%2F%2Fstudio.youtube.com%2F:0
[   34437ms] [ERROR] Failed to load resource: the server responded with a status of 429 () @ https://accounts.youtube.com/RotateCookies:0
[   37378ms] [ERROR] requestStorageAccessFor: Permission denied. @ https://www.youtube.com/signin_prompt?app=desktop&next=https%3A%2F%2Fstudio.youtube.com%2F:0
[   37378ms] [ERROR] requestStorageAccessFor: Must be handling a user gesture to use. @ https://www.youtube.com/signin_prompt?app=desktop&next=https%3A%2F%2Fstudio.youtube.com%2F:0
[   37380ms] [ERROR] requestStorageAccessFor: Permission denied. @ https://www.youtube.com/signin_prompt?app=desktop&next=https%3A%2F%2Fstudio.youtube.com%2F:0
[   37380ms] [ERROR] requestStorageAccessFor: Must be handling a user gesture to use. @ https://www.youtube.com/signin_prompt?app=desktop&next=https%3A%2F%2Fstudio.youtube.com%2F:0
[   37380ms] [ERROR] requestStorageAccessFor: Must be handling a user gesture to use. @ https://www.youtube.com/signin_prompt?app=desktop&next=https%3A%2F%2Fstudio.youtube.com%2F:0
[   37380ms] [ERROR] requestStorageAccessFor: Permission denied. @ https://www.youtube.com/signin_prompt?app=desktop&next=https%3A%2F%2Fstudio.youtube.com%2F:0
[   39988ms] [INFO] LegacyDataMixin will be applied to all legacy elements.
Set `_legacyUndefinedCheck: true` on element class to enable. @ https://studio.youtube.com/s/_/creatorstudio/_/js/k=creatorstudio.cs.vi.a4e1NsgV1Zs.es5.O/am=AAAAAAABKQ/d=1/excm=core/br=1/rs=ABMqQEvtxkkfI3hJZ3i65HY4FXORMjGKoQ/m=core:58606
[   95901ms] [ERROR] requestStorageAccessFor: Permission denied. @ https://studio.youtube.com/channel/UCyz-zpcXrQ6XIEAfI2R9Myg:0
[   95901ms] [ERROR] requestStorageAccessFor: Permission denied. @ https://studio.youtube.com/channel/UCyz-zpcXrQ6XIEAfI2R9Myg:0
[   95901ms] [ERROR] requestStorageAccessFor: Permission denied. @ https://studio.youtube.com/channel/UCyz-zpcXrQ6XIEAfI2R9Myg:0
[   95901ms] [ERROR] requestStorageAccessFor: Permission denied. @ https://studio.youtube.com/channel/UCyz-zpcXrQ6XIEAfI2R9Myg:0
[   95901ms] [ERROR] requestStorageAccessFor: Permission denied. @ https://studio.youtube.com/channel/UCyz-zpcXrQ6XIEAfI2R9Myg:0
[   95901ms] [ERROR] requestStorageAccessFor: Permission denied. @ https://studio.youtube.com/channel/UCyz-zpcXrQ6XIEAfI2R9Myg:0
[  101630ms] [ERROR] Failed to load resource: the server responded with a status of 403 () @ https://studio.youtube.com/channel/UCyz-zpcXrQ6XIEAfI2R9Myg:0
[  106249ms] [INFO] LegacyDataMixin will be applied to all legacy elements.
Set `_legacyUndefinedCheck: true` on element class to enable. @ https://studio.youtube.com/s/_/creatorstudio/_/js/k=creatorstudio.cs.vi.a4e1NsgV1Zs.es5.O/am=AAAAAICi/d=1/excm=core/br=1/rs=ABMqQEvzh7KWt8fRRZK_DAmjx7RiGJW6UA/m=core:58606
[  206055ms] [ERROR] requestStorageAccessFor: Permission denied. @ https://studio.youtube.com/channel/UC96ygjixRrZjYs3l0Igksog:0
[  206055ms] [ERROR] requestStorageAccessFor: Permission denied. @ https://studio.youtube.com/channel/UC96ygjixRrZjYs3l0Igksog:0
[  206055ms] [ERROR] requestStorageAccessFor: Permission denied. @ https://studio.youtube.com/channel/UC96ygjixRrZjYs3l0Igksog:0
[  206056ms] [ERROR] requestStorageAccessFor: Permission denied. @ https://studio.youtube.com/channel/UC96ygjixRrZjYs3l0Igksog:0
[  206056ms] [ERROR] requestStorageAccessFor: Permission denied. @ https://studio.youtube.com/channel/UC96ygjixRrZjYs3l0Igksog:0
[  206056ms] [ERROR] requestStorageAccessFor: Permission denied. @ https://studio.youtube.com/channel/UC96ygjixRrZjYs3l0Igksog:0
[  213988ms] [INFO] LegacyDataMixin will be applied to all legacy elements.
Set `_legacyUndefinedCheck: true` on element class to enable. @ https://studio.youtube.com/s/_/creatorstudio/_/js/k=creatorstudio.cs.vi.a4e1NsgV1Zs.es5.O/am=AAAAAIAAKQ/d=1/excm=core/br=1/rs=ABMqQEuwMA6K5rCO3CqAGQZyfeNZmuoSpw/m=core:58606
[  380329ms] [ERROR] requestStorageAccessFor: Permission denied. @ https://studio.youtube.com/channel/UCAT5dD-oMgu5fZbihoBGt6A:0
[  380336ms] [ERROR] requestStorageAccessFor: Permission denied. @ https://studio.youtube.com/channel/UCAT5dD-oMgu5fZbihoBGt6A:0
[  380336ms] [ERROR] requestStorageAccessFor: Permission denied. @ https://studio.youtube.com/channel/UCAT5dD-oMgu5fZbihoBGt6A:0
[  380336ms] [ERROR] requestStorageAccessFor: Permission denied. @ https://studio.youtube.com/channel/UCAT5dD-oMgu5fZbihoBGt6A:0
[  380336ms] [ERROR] requestStorageAccessFor: Permission denied. @ https://studio.youtube.com/channel/UCAT5dD-oMgu5fZbihoBGt6A:0
[  380337ms] [ERROR] requestStorageAccessFor: Permission denied. @ https://studio.youtube.com/channel/UCAT5dD-oMgu5fZbihoBGt6A:0
